// Jest Snapshot v1, https://goo.gl/fbAQLP

exports[`ChatItemPres matches snapshot 1`] = `
Object {
  "asFragment": [Function],
  "baseElement": <body>
    <div>
      <ul
        class="MuiList-root makeStyles-root-1 MuiList-padding"
      >
        <li
          class="MuiListItem-root chat_item MuiListItem-gutters MuiListItem-divider MuiListItem-alignItemsFlexStart"
        >
          <div
            class="MuiListItemAvatar-root MuiListItemAvatar-alignItemsFlexStart"
          >
            <div
              class="MuiAvatar-root MuiAvatar-circular"
              data-testid="avatar"
            >
              <img
                alt="Remy Sharp"
                class="MuiAvatar-img"
                src="/static/images/avatar/1.jpg"
              />
            </div>
          </div>
          <button
            aria-label="delete"
            class="MuiButtonBase-root MuiIconButton-root"
            tabindex="0"
            type="button"
          >
            <span
              class="MuiIconButton-label"
            >
              <svg
                aria-hidden="true"
                class="MuiSvgIcon-root"
                focusable="false"
                viewBox="0 0 24 24"
              >
                <path
                  d="M6 19c0 1.1.9 2 2 2h8c1.1 0 2-.9 2-2V7H6v12zM19 4h-3.5l-1-1h-5l-1 1H5v2h14V4z"
                />
              </svg>
            </span>
            <span
              class="MuiTouchRipple-root"
            />
          </button>
        </li>
      </ul>
    </div>
  </body>,
  "container": <div>
    <ul
      class="MuiList-root makeStyles-root-1 MuiList-padding"
    >
      <li
        class="MuiListItem-root chat_item MuiListItem-gutters MuiListItem-divider MuiListItem-alignItemsFlexStart"
      >
        <div
          class="MuiListItemAvatar-root MuiListItemAvatar-alignItemsFlexStart"
        >
          <div
            class="MuiAvatar-root MuiAvatar-circular"
            data-testid="avatar"
          >
            <img
              alt="Remy Sharp"
              class="MuiAvatar-img"
              src="/static/images/avatar/1.jpg"
            />
          </div>
        </div>
        <button
          aria-label="delete"
          class="MuiButtonBase-root MuiIconButton-root"
          tabindex="0"
          type="button"
        >
          <span
            class="MuiIconButton-label"
          >
            <svg
              aria-hidden="true"
              class="MuiSvgIcon-root"
              focusable="false"
              viewBox="0 0 24 24"
            >
              <path
                d="M6 19c0 1.1.9 2 2 2h8c1.1 0 2-.9 2-2V7H6v12zM19 4h-3.5l-1-1h-5l-1 1H5v2h14V4z"
              />
            </svg>
          </span>
          <span
            class="MuiTouchRipple-root"
          />
        </button>
      </li>
    </ul>
  </div>,
  "debug": [Function],
  "findAllByAltText": [Function],
  "findAllByDisplayValue": [Function],
  "findAllByLabelText": [Function],
  "findAllByPlaceholderText": [Function],
  "findAllByRole": [Function],
  "findAllByTestId": [Function],
  "findAllByText": [Function],
  "findAllByTitle": [Function],
  "findByAltText": [Function],
  "findByDisplayValue": [Function],
  "findByLabelText": [Function],
  "findByPlaceholderText": [Function],
  "findByRole": [Function],
  "findByTestId": [Function],
  "findByText": [Function],
  "findByTitle": [Function],
  "getAllByAltText": [Function],
  "getAllByDisplayValue": [Function],
  "getAllByLabelText": [Function],
  "getAllByPlaceholderText": [Function],
  "getAllByRole": [Function],
  "getAllByTestId": [Function],
  "getAllByText": [Function],
  "getAllByTitle": [Function],
  "getByAltText": [Function],
  "getByDisplayValue": [Function],
  "getByLabelText": [Function],
  "getByPlaceholderText": [Function],
  "getByRole": [Function],
  "getByTestId": [Function],
  "getByText": [Function],
  "getByTitle": [Function],
  "queryAllByAltText": [Function],
  "queryAllByDisplayValue": [Function],
  "queryAllByLabelText": [Function],
  "queryAllByPlaceholderText": [Function],
  "queryAllByRole": [Function],
  "queryAllByTestId": [Function],
  "queryAllByText": [Function],
  "queryAllByTitle": [Function],
  "queryByAltText": [Function],
  "queryByDisplayValue": [Function],
  "queryByLabelText": [Function],
  "queryByPlaceholderText": [Function],
  "queryByRole": [Function],
  "queryByTestId": [Function],
  "queryByText": [Function],
  "queryByTitle": [Function],
  "rerender": [Function],
  "unmount": [Function],
}
`;
